FREEZESTARTPGRpdiBjbGFzcz0iVmx0LXRhYnMiPgogIDxkaXYgY2xhc3M9IlZsdC10YWJzX19oZWFkZXIgVmx0LXRhYnNfX2hlYWRlci0tYm9yZGVyZWQiIGRhdGEtaGFzLWluaXRpYWwtdGFiPSJmYWxzZSI-PGRpdiBjbGFzcz0iVmx0LXRhYnNfX2xpbmsgVmx0LXRhYnNfX2xpbmtfYWN0aXZlIiByb2xlPSJ0YWIiIGRhdGEtbGFuZ3VhZ2U9ImphdmFzY3JpcHQiIGRhdGEtbGFuZ3VhZ2UtdHlwZT0ibGFuZ3VhZ2VzIiBkYXRhLWxhbmd1YWdlLWxpbmthYmxlPSJ0cnVlIj48c3Bhbj48c3ZnPjx1c2UgeGxpbms6aHJlZj0iL3N5bWJvbC92b2x0YS1icmFuZC1pY29ucy5zdmcjQnJhbmQtaWNvbi1qYXZhc2NyaXB0Ij48L3VzZT48L3N2Zz48c3Bhbj5GaXJzdCBTYW1wbGUgTWFya2Rvd248L3NwYW4-PC9zcGFuPjwvZGl2PjwvZGl2PgogICAgPGRpdiBjbGFzcz0iVmx0LXRhYnNfX2NvbnRlbnQiPgogICAgPGRpdiBjbGFzcz0iVmx0LXRhYnNfX3BhbmVsIFZsdC10YWJzX19wYW5lbF9hY3RpdmUiPjxwIGFyaWEtbGFiZWxsZWRieT0nIklEMTIzNDU2IicgYXJpYS1oaWRkZW49InRydWUiPjxwPiAjIyBIZWFkaW5nCiBTYW1wbGUgY29udGVudDwvcD48L3A-PC9kaXY-CjwvZGl2Pgo8L2Rpdj4KFREEZEEND
