<pre class="language-ruby main-code Vlt-prism--dark" data-lang="Ruby" data-block="" data-section="code"><code>    <span class="ss">number: </span><span class="no">TO_NUMBER</span>
  <span class="p">}],</span>
  <span class="ss">from: </span><span class="p">{</span>
    <span class="ss">type: </span><span class="s1">'phone'</span><span class="p">,</span>
    <span class="ss">number: </span><span class="no">NEXMO_NUMBER</span>
  <span class="p">},</span>
  <span class="ss">answer_url: </span><span class="p">[</span>
    <span class="s1">'https://developer.nexmo.com/ncco/tts.json'</span>
  <span class="p">]</span>
<span class="p">)</span>
<span class="nb">puts</span> <span class="n">response</span><span class="p">.</span><span class="nf">inspect</span>
</code></pre>
