<h2 class="Vlt-title--margin-top3">Write the code</h2>
<p>Add the following to ``:</p>

<pre class="language-ruby main-code Vlt-prism--dark" data-lang="Ruby" data-block="" data-section="code"><code>    <span class="ss">number: </span><span class="no">TO_NUMBER</span>
  <span class="p">}],</span>
  <span class="ss">from: </span><span class="p">{</span>
    <span class="ss">type: </span><span class="s1">'phone'</span><span class="p">,</span>
    <span class="ss">number: </span><span class="no">NEXMO_NUMBER</span>
  <span class="p">},</span>
  <span class="ss">answer_url: </span><span class="p">[</span>
    <span class="s1">'https://developer.nexmo.com/ncco/tts.json'</span>
  <span class="p">]</span>
<span class="p">)</span>
<span class="nb">puts</span> <span class="n">response</span><span class="p">.</span><span class="nf">inspect</span>
</code></pre>

<p><a data-section="code" data-lang="Ruby" data-block="" href="https://github.com/nexmo/nexmo-ruby-code-snippets/blob/master/example/example_snippet.rb#L18-L32">View full source</a></p>

## Run your code
  Save this file to your machine and run it:
    <pre class="Vlt-prism--dark command-line language-bash" data-prompt="$"><code></code></pre>
